// Jest Snapshot v1, https://goo.gl/fbAQLP

exports[`<App /> should render a <App /> component 1`] = `
<Provider
  store={
    Object {
      "dispatch": [Function],
      "getState": [Function],
      "replaceReducer": [Function],
      "subscribe": [Function],
      Symbol(observable): [Function],
    }
  }
>
  <Dashboard />
</Provider>
`;
